[www.vcstracker.co.uk/index/index.html]
[backblue.gif]
[fade.gif]
[index.html]
[www.vcstracker.co.uk/sites/www.vcstracker.co.uk/themes/zen/vcstracker/print/index.css]
[www.vcstracker.co.uk/sites/www.vcstracker.co.uk/themes/zen/vcstracker/favicon/index.ico]
[www.vcstracker.co.uk/misc/jquery/index.js]
[www.vcstracker.co.uk/misc/drupal/index.js]
[www.vcstracker.co.uk/sites/all/modules/jquery_update/compat-1.0.5/index.delayed]
[www.vcstracker.co.uk/sites/www.vcstracker.co.uk/modules/img_assist/img_assist/index.js]
[www.vcstracker.co.uk/sites/www.vcstracker.co.uk/modules/jstools/jstools/index.js]
[www.vcstracker.co.uk/sites/www.vcstracker.co.uk/modules/jstools/tabs/jquery.tabs.pack/index.js]
[www.vcstracker.co.uk/sites/www.vcstracker.co.uk/modules/jstools/tabs/tabs/index.js]
[www.vcstracker.co.uk/sites/www.vcstracker.co.uk/modules/panels/js/panels/index.js]
[www.vcstracker.co.uk/sites/www.vcstracker.co.uk/modules/views_slideshow/js/views_slideshow/index.js]
[www.vcstracker.co.uk/sites/all/modules/jquery_update/collapse-fix/index.js]
[www.vcstracker.co.uk/sites/www.vcstracker.co.uk/themes/zen/vcstracker/logo/index.png]
[www.vcstracker.co.uk/home/index.html]
[www.vcstracker.co.uk/about/index.html]
[www.vcstracker.co.uk/buy/index.html]
[www.vcstracker.co.uk/contact/index.html]
[www.vcstracker.co.uk/Buy/index-2.html]
[www.vcstracker.co.uk/1/index.html]
[www.vcstracker.co.uk/sites/www.vcstracker.co.uk/files/slide1/index.jpg]
[www.vcstracker.co.uk/2/index.html]
[www.vcstracker.co.uk/sites/www.vcstracker.co.uk/files/slide2/index.jpg]
[www.vcstracker.co.uk/slideshow-1/index.html]
[www.vcstracker.co.uk/sites/www.vcstracker.co.uk/files/slide3/index.jpg]
[www.vcstracker.co.uk/privacy-cookies/index.html]
[www.vcstracker.co.uk/rss/index.xml]
[www.vcstracker.co.uk/user/login/index.html]
[www.vcstracker.co.uk/index/index.html]
[www.vcstracker.co.uk/sites/www.vcstracker.co.uk/themes/zen/vcstracker/print/index.html]
[www.vcstracker.co.uk/sites/www.vcstracker.co.uk/modules/google_analytics/googleanalytics/index.js]
[www.vcstracker.co.uk/misc/menu-expanded/index.png]
[www.vcstracker.co.uk/misc/menu-collapsed/index.png]
[www.vcstracker.co.uk/misc/menu-leaf/index.png]
[www.vcstracker.co.uk/misc/throbber/index.gif]
[www.vcstracker.co.uk/misc/grippie/index.png]
[www.vcstracker.co.uk/misc/progress/index.gif]
[www.vcstracker.co.uk/sites/www.vcstracker.co.uk/themes/zen/images/tab-bar/index.png]
[www.vcstracker.co.uk/sites/www.vcstracker.co.uk/themes/zen/images/tab-left/index.png]
[www.vcstracker.co.uk/sites/www.vcstracker.co.uk/themes/zen/images/tab-right/index.png]
[www.vcstracker.co.uk/sites/www.vcstracker.co.uk/themes/zen/images/tab-secondary-bg/index.png]
[www.vcstracker.co.uk/sites/www.vcstracker.co.uk/themes/zen/images/tab-secondary/index.png]
[www.vcstracker.co.uk/sites/www.vcstracker.co.uk/themes/zen/vcstracker/images/background-image/index.png]
[www.vcstracker.co.uk/sites/www.vcstracker.co.uk/themes/zen/vcstracker/images/menu-leaf/index.gif]
[www.vcstracker.co.uk/sites/www.vcstracker.co.uk/themes/zen/vcstracker/images/menu-expanded/index.gif]
[www.vcstracker.co.uk/sites/www.vcstracker.co.uk/files/css/6984322485786105e1f51ac8823d3a45/index.css]
[www.vcstracker.co.uk/sites/www.vcstracker.co.uk/themes/zen/vcstracker/images/menu-collapsed/index.gif]
[www.vcstracker.co.uk/sites/all/modules/jquery_update/compat-1.0/index.html]
[www.vcstracker.co.uk/sites/all/modules/jquery_update/collapse-fix/index.html]
[www.vcstracker.co.uk/home/index.html]
[www.vcstracker.co.uk/sites/www.vcstracker.co.uk/files/images/understand.preview/index.jpg]
[www.vcstracker.co.uk/sites/www.vcstracker.co.uk/files/images/activities.preview/index.jpg]
[www.vcstracker.co.uk/sites/www.vcstracker.co.uk/files/how-does-vcs-tracker-help-with-reporting/index.pdf]
[www.vcstracker.co.uk/about/index.html]
[www.vcstracker.co.uk/buy/index.html]
[www.vcstracker.co.uk/sites/www.vcstracker.co.uk/modules/tinymce/tinymce/jscripts/tiny_mce/tiny_mce/index.js]
[www.vcstracker.co.uk/misc/textarea/index.js]
[www.vcstracker.co.uk/contact/index.html]
[www.vcstracker.co.uk/Buy/index-2.html]
[www.vcstracker.co.uk/1/index.html]
[www.vcstracker.co.uk/2/index.html]
[www.vcstracker.co.uk/slideshow-1/index.html]
[www.vcstracker.co.uk/privacy-cookies/index.html]
[www.vcstracker.co.uk/user/register/index.html]
[www.vcstracker.co.uk/user/index.html]
[www.vcstracker.co.uk/user/login/index.html]
[www.vcstracker.co.uk/user/password/index.html]
[www.vcstracker.co.uk/sites/www.vcstracker.co.uk/files/css/bc2c7bf9afedf967df13a3d71b0493f2/index.css]
[www.vcstracker.co.uk/sites/www.vcstracker.co.uk/files/css/4d605ece07c20b018575fda0f7b6de4a/index.css]
[www.vcstracker.co.uk/_textimage/image/1417173734/index.html]
[www.vcstracker.co.uk/user/register/index.html]
[www.vcstracker.co.uk/user/index.html]
[www.vcstracker.co.uk/user/password/index.html]
[www.vcstracker.co.uk/_textimage/image/1417173734/index.html]
